#
# There is insufficient memory for the Java Runtime Environment to continue.
# Native memory allocation (malloc) failed to allocate 855552 bytes. Error detail: Chunk::new
# Possible reasons:
#   The system is out of physical RAM or swap space
#   This process is running with CompressedOops enabled, and the Java Heap may be blocking the growth of the native heap
# Possible solutions:
#   Reduce memory load on the system
#   Increase physical memory or swap space
#   Check if swap backing store is full
#   Decrease Java heap size (-Xmx/-Xms)
#   Decrease number of Java threads
#   Decrease Java thread stack sizes (-Xss)
#   Set larger code cache with -XX:ReservedCodeCacheSize=
#   JVM is running with Unscaled Compressed Oops mode in which the Java heap is
#     placed in the first 4GB address space. The Java Heap base address is the
#     maximum limit for the native heap growth. Please use -XX:HeapBaseMinAddress
#     to set the Java Heap base and to place the Java Heap above 4GB virtual address.
# This output file may be truncated or incomplete.
#
#  Out of Memory Error (arena.cpp:168), pid=15028, tid=5748
#
# JRE version: OpenJDK Runtime Environment Temurin-21.0.11+10 (21.0.11+10) (build 21.0.11+10-LTS)
# Java VM: OpenJDK 64-Bit Server VM Temurin-21.0.11+10 (21.0.11+10-LTS, mixed mode, sharing, tiered, compressed oops, compressed class ptrs, parallel gc, windows-amd64)
# No core dump will be written. Minidumps are not enabled by default on client versions of Windows
#

---------------  S U M M A R Y ------------

Command Line: --add-modules=ALL-SYSTEM --add-opens=java.base/java.util=ALL-UNNAMED --add-opens=java.base/java.lang=ALL-UNNAMED --add-opens=java.base/sun.nio.fs=ALL-UNNAMED -Declipse.application=org.eclipse.jdt.ls.core.id1 -Dosgi.bundles.defaultStartLevel=4 -Declipse.product=org.eclipse.jdt.ls.core.product -Djava.import.generatesMetadataFilesAtProjectRoot=false -DDetectVMInstallationsJob.disabled=true -Dfile.encoding=utf8 -XX:+UseParallelGC -XX:GCTimeRatio=4 -XX:AdaptiveSizePolicyWeight=90 -Dsun.zip.disableMemoryMapping=true -Xmx2G -Xms100m -Xlog:disable -javaagent:c:\Users\Lenovo\.vscode\extensions\redhat.java-1.55.0-win32-x64\lombok\lombok-1.18.39-4050.jar c:\Users\Lenovo\.vscode\extensions\redhat.java-1.55.0-win32-x64\server\plugins\org.eclipse.equinox.launcher_1.7.200.v20260619-2039.jar -configuration c:\Users\Lenovo\AppData\Roaming\Code\User\globalStorage\redhat.java\1.55.0\config_ss_win -data c:\Users\Lenovo\AppData\Roaming\Code\User\workspaceStorage\f397b69f58f0cfa815f47da93cefd996\redhat.java\ss_ws --pipe=\\.\pipe\lsp-c02b99e1f0da190cc3083dc9801077b0-sock

Host: Intel(R) Core(TM) i5-8250U CPU @ 1.60GHz, 8 cores, 7G,  Windows 11 , 64 bit Build 22621 (10.0.22621.5415)
Time: Tue Aug 25 23:35:49 2026 SE Asia Standard Time elapsed time: 12.116803 seconds (0d 0h 0m 12s)

---------------  T H R E A D  ---------------

Current thread (0x000002d15e47c550):  JavaThread "C2 CompilerThread1" daemon [_thread_in_native, id=5748, stack(0x000000d83e000000,0x000000d83e100000) (1024K)]


Current CompileTask:
C2:12116 4315       4       jdk.internal.jimage.ImageReader$SharedImageReader$$Lambda/0x000002d118390248::visit (13 bytes)

Stack: [0x000000d83e000000,0x000000d83e100000]
Native frames: (J=compiled Java code, j=interpreted, Vv=VM code, C=native code)
V  [jvm.dll+0x6d7e19]
V  [jvm.dll+0x8b5096]
V  [jvm.dll+0x8b764e]
V  [jvm.dll+0x8b7d33]
V  [jvm.dll+0x284596]
V  [jvm.dll+0xc685d]
V  [jvm.dll+0xc6da1]
V  [jvm.dll+0x3bed6b]
V  [jvm.dll+0x38b2b2]
V  [jvm.dll+0x38a6fa]
V  [jvm.dll+0x24c700]
V  [jvm.dll+0x24bce0]
V  [jvm.dll+0x1cb4ae]
V  [jvm.dll+0x25baad]
V  [jvm.dll+0x25a03a]
V  [jvm.dll+0x3f868e]
V  [jvm.dll+0x85fb0d]
V  [jvm.dll+0x6d664d]
C  [ucrtbase.dll+0x29333]
C  [KERNEL32.DLL+0x1259d]
C  [ntdll.dll+0x5af78]


---------------  P R O C E S S  ---------------

Threads class SMR info:
_java_thread_list=0x000002d15f4de140, length=35, elements={
0x000002d17f3a31f0, 0x000002d116308800, 0x000002d17f45c080, 0x000002d11630f9c0,
0x000002d17f45d600, 0x000002d17f45e130, 0x000002d116309f80, 0x000002d116312f60,
0x000002d11633e740, 0x000002d15d2175f0, 0x000002d15d30f5d0, 0x000002d15ded64a0,
0x000002d15daf87f0, 0x000002d15daf8e60, 0x000002d15d8fbd50, 0x000002d15de36460,
0x000002d15db82780, 0x000002d15dfa6030, 0x000002d15dba32d0, 0x000002d15dba3960,
0x000002d15dba3ff0, 0x000002d15dba1890, 0x000002d15dba2c40, 0x000002d15dba4680,
0x000002d15dba1f20, 0x000002d15dba25b0, 0x000002d15e3c1180, 0x000002d15e3c1810,
0x000002d15e3c1ea0, 0x000002d15e3c2530, 0x000002d15e3bf0b0, 0x000002d15e3bf740,
0x000002d15e47c550, 0x000002d15e3bfdd0, 0x000002d15e3c0460
}

Java Threads: ( => current thread )
  0x000002d17f3a31f0 JavaThread "main"                              [_thread_blocked, id=26600, stack(0x000000d83b600000,0x000000d83b700000) (1024K)]
  0x000002d116308800 JavaThread "Reference Handler"          daemon [_thread_blocked, id=9844, stack(0x000000d83ba00000,0x000000d83bb00000) (1024K)]
  0x000002d17f45c080 JavaThread "Finalizer"                  daemon [_thread_blocked, id=4616, stack(0x000000d83bb00000,0x000000d83bc00000) (1024K)]
  0x000002d11630f9c0 JavaThread "Signal Dispatcher"          daemon [_thread_blocked, id=16452, stack(0x000000d83bc00000,0x000000d83bd00000) (1024K)]
  0x000002d17f45d600 JavaThread "Attach Listener"            daemon [_thread_blocked, id=22572, stack(0x000000d83bd00000,0x000000d83be00000) (1024K)]
  0x000002d17f45e130 JavaThread "Service Thread"             daemon [_thread_blocked, id=10168, stack(0x000000d83be00000,0x000000d83bf00000) (1024K)]
  0x000002d116309f80 JavaThread "Monitor Deflation Thread"   daemon [_thread_blocked, id=21156, stack(0x000000d83bf00000,0x000000d83c000000) (1024K)]
  0x000002d116312f60 JavaThread "C2 CompilerThread0"         daemon [_thread_in_native, id=23112, stack(0x000000d83c000000,0x000000d83c100000) (1024K)]
  0x000002d11633e740 JavaThread "C1 CompilerThread0"         daemon [_thread_blocked, id=24264, stack(0x000000d83c100000,0x000000d83c200000) (1024K)]
  0x000002d15d2175f0 JavaThread "Common-Cleaner"             daemon [_thread_blocked, id=23636, stack(0x000000d83c200000,0x000000d83c300000) (1024K)]
  0x000002d15d30f5d0 JavaThread "Notification Thread"        daemon [_thread_blocked, id=25076, stack(0x000000d83c300000,0x000000d83c400000) (1024K)]
  0x000002d15ded64a0 JavaThread "Active Thread: Equinox Container: e72ea687-25d7-4548-abc5-6dcce1d10ddf"        [_thread_blocked, id=22944, stack(0x000000d83cb00000,0x000000d83cc00000) (1024K)]
  0x000002d15daf87f0 JavaThread "Framework Event Dispatcher: Equinox Container: e72ea687-25d7-4548-abc5-6dcce1d10ddf" daemon [_thread_blocked, id=26252, stack(0x000000d83cc00000,0x000000d83cd00000) (1024K)]
  0x000002d15daf8e60 JavaThread "Start Level: Equinox Container: e72ea687-25d7-4548-abc5-6dcce1d10ddf" daemon [_thread_blocked, id=5620, stack(0x000000d83cd00000,0x000000d83ce00000) (1024K)]
  0x000002d15d8fbd50 JavaThread "SCR Component Actor"        daemon [_thread_blocked, id=26164, stack(0x000000d83cf00000,0x000000d83d000000) (1024K)]
  0x000002d15de36460 JavaThread "Worker-JM"                         [_thread_blocked, id=1532, stack(0x000000d83c400000,0x000000d83c500000) (1024K)]
  0x000002d15db82780 JavaThread "JNA Cleaner"                daemon [_thread_blocked, id=748, stack(0x000000d83d000000,0x000000d83d100000) (1024K)]
  0x000002d15dfa6030 JavaThread "Worker-0"                          [_thread_blocked, id=21360, stack(0x000000d83d100000,0x000000d83d200000) (1024K)]
  0x000002d15dba32d0 JavaThread "Worker-1"                          [_thread_blocked, id=3136, stack(0x000000d83d200000,0x000000d83d300000) (1024K)]
  0x000002d15dba3960 JavaThread "Thread-1"                   daemon [_thread_in_native, id=12620, stack(0x000000d83d400000,0x000000d83d500000) (1024K)]
  0x000002d15dba3ff0 JavaThread "Thread-2"                   daemon [_thread_in_native, id=6604, stack(0x000000d83d500000,0x000000d83d600000) (1024K)]
  0x000002d15dba1890 JavaThread "Thread-3"                   daemon [_thread_in_native, id=3080, stack(0x000000d83d600000,0x000000d83d700000) (1024K)]
  0x000002d15dba2c40 JavaThread "Thread-4"                   daemon [_thread_in_native, id=14812, stack(0x000000d83d700000,0x000000d83d800000) (1024K)]
  0x000002d15dba4680 JavaThread "Thread-5"                   daemon [_thread_in_native, id=12468, stack(0x000000d83d800000,0x000000d83d900000) (1024K)]
  0x000002d15dba1f20 JavaThread "Thread-6"                   daemon [_thread_in_native, id=26312, stack(0x000000d83d900000,0x000000d83da00000) (1024K)]
  0x000002d15dba25b0 JavaThread "Thread-7"                   daemon [_thread_in_native, id=24860, stack(0x000000d83da00000,0x000000d83db00000) (1024K)]
  0x000002d15e3c1180 JavaThread "Thread-8"                   daemon [_thread_in_native, id=4856, stack(0x000000d83db00000,0x000000d83dc00000) (1024K)]
  0x000002d15e3c1810 JavaThread "Thread-9"                   daemon [_thread_in_native, id=22324, stack(0x000000d83dc00000,0x000000d83dd00000) (1024K)]
  0x000002d15e3c1ea0 JavaThread "pool-2-thread-1"                   [_thread_blocked, id=10832, stack(0x000000d83dd00000,0x000000d83de00000) (1024K)]
  0x000002d15e3c2530 JavaThread "Worker-2"                          [_thread_blocked, id=10460, stack(0x000000d83d300000,0x000000d83d400000) (1024K)]
  0x000002d15e3bf0b0 JavaThread "WorkspaceEventsHandler"            [_thread_blocked, id=2952, stack(0x000000d83de00000,0x000000d83df00000) (1024K)]
  0x000002d15e3bf740 JavaThread "pool-1-thread-1"                   [_thread_in_native, id=24984, stack(0x000000d83df00000,0x000000d83e000000) (1024K)]
=>0x000002d15e47c550 JavaThread "C2 CompilerThread1"         daemon [_thread_in_native, id=5748, stack(0x000000d83e000000,0x000000d83e100000) (1024K)]
  0x000002d15e3bfdd0 JavaThread "ForkJoinPool.commonPool-worker-1" daemon [_thread_blocked, id=23800, stack(0x000000d83e100000,0x000000d83e200000) (1024K)]
  0x000002d15e3c0460 JavaThread "ForkJoinPool.commonPool-worker-2" daemon [_thread_blocked, id=15400, stack(0x000000d83e200000,0x000000d83e300000) (1024K)]
Total: 35

Other Threads:
  0x000002d116302d50 VMThread "VM Thread"                           [id=14760, stack(0x000000d83b900000,0x000000d83ba00000) (1024K)]
  0x000002d17f40d700 WatcherThread "VM Periodic Task Thread"        [id=20624, stack(0x000000d83b800000,0x000000d83b900000) (1024K)]
  0x000002d17f3c15e0 WorkerThread "GC Thread#0"                     [id=2468, stack(0x000000d83b700000,0x000000d83b800000) (1024K)]
  0x000002d15d92f330 WorkerThread "GC Thread#1"                     [id=26468, stack(0x000000d83c500000,0x000000d83c600000) (1024K)]
  0x000002d15d8687b0 WorkerThread "GC Thread#2"                     [id=23248, stack(0x000000d83c600000,0x000000d83c700000) (1024K)]
  0x000002d15d868b60 WorkerThread "GC Thread#3"                     [id=1220, stack(0x000000d83c700000,0x000000d83c800000) (1024K)]
  0x000002d15d868f10 WorkerThread "GC Thread#4"                     [id=1340, stack(0x000000d83c800000,0x000000d83c900000) (1024K)]
  0x000002d15d8692c0 WorkerThread "GC Thread#5"                     [id=21688, stack(0x000000d83c900000,0x000000d83ca00000) (1024K)]
  0x000002d15d869670 WorkerThread "GC Thread#6"                     [id=4104, stack(0x000000d83ca00000,0x000000d83cb00000) (1024K)]
  0x000002d15dcaa520 WorkerThread "GC Thread#7"                     [id=25848, stack(0x000000d83ce00000,0x000000d83cf00000) (1024K)]
Total: 10

Threads with active compile tasks:
C2 CompilerThread0  12162 4316       4       jdk.internal.jimage.ImageReader$SharedImageReader::lambda$handleModulesSubTree$1 (43 bytes)
C2 CompilerThread1  12162 4315       4       jdk.internal.jimage.ImageReader$SharedImageReader$$Lambda/0x000002d118390248::visit (13 bytes)
Total: 2

VM state: not at safepoint (normal execution)

VM Mutex/Monitor currently owned by a thread: None

Heap address: 0x0000000080000000, size: 2048 MB, Compressed Oops mode: 32-bit

CDS archive(s) mapped at: [0x000002d117000000-0x000002d117ba0000-0x000002d117ba0000), size 12189696, SharedBaseAddress: 0x000002d117000000, ArchiveRelocationMode: 1.
Compressed class space mapped at: 0x000002d118000000-0x000002d158000000, reserved size: 1073741824
Narrow klass base: 0x000002d117000000, Narrow klass shift: 0, Narrow klass range: 0x100000000

GC Precious Log:
 CardTable entry size: 512
 CPUs: 8 total, 8 available
 Memory: 8023M
 Large Page Support: Disabled
 NUMA Support: Disabled
 Compressed Oops: Enabled (32-bit)
 Alignments: Space 512K, Generation 512K, Heap 2M
 Heap Min Capacity: 100M
 Heap Initial Capacity: 100M
 Heap Max Capacity: 2G
 Pre-touch: Disabled
 Parallel Workers: 8

Heap:
 PSYoungGen      total 23552K, used 3393K [0x00000000d5580000, 0x00000000d7080000, 0x0000000100000000)
  eden space 21504K, 7% used [0x00000000d5580000,0x00000000d56fe730,0x00000000d6a80000)
  from space 2048K, 91% used [0x00000000d6e80000,0x00000000d7052000,0x00000000d7080000)
  to   space 2560K, 0% used [0x00000000d6b80000,0x00000000d6b80000,0x00000000d6e00000)
 ParOldGen       total 68608K, used 29735K [0x0000000080000000, 0x0000000084300000, 0x00000000d5580000)
  object space 68608K, 43% used [0x0000000080000000,0x0000000081d09ce0,0x0000000084300000)
 Metaspace       used 33932K, committed 34944K, reserved 1114112K
  class space    used 3490K, committed 3904K, reserved 1048576K

Card table byte_map: [0x000002d17ed40000,0x000002d17f150000] _byte_map_base: 0x000002d17e940000

Marking Bits: (ParMarkBitMap*) 0x00007ff82a9b4460
 Begin Bits: [0x000002d112140000, 0x000002d114140000)
 End Bits:   [0x000002d114140000, 0x000002d116140000)

Polling page: 0x000002d17d1c0000

Metaspace:

Usage:
  Non-class:     29.73 MB used.
      Class:      3.41 MB used.
       Both:     33.14 MB used.

Virtual space:
  Non-class space:       64.00 MB reserved,      30.31 MB ( 47%) committed,  1 nodes.
      Class space:        1.00 GB reserved,       3.81 MB ( <1%) committed,  1 nodes.
             Both:        1.06 GB reserved,      34.12 MB (  3%) committed. 

Chunk freelists:
   Non-Class:  1.22 MB
       Class:  12.13 MB
        Both:  13.34 MB

MaxMetaspaceSize: unlimited
CompressedClassSpaceSize: 1.00 GB
Initial GC threshold: 21.00 MB
Current GC threshold: 35.00 MB
CDS: on
 - commit_granule_bytes: 65536.
 - commit_granule_words: 8192.
 - virtual_space_node_default_size: 8388608.
 - enlarge_chunks_in_place: 1.
 - use_allocation_guard: 0.


Internal statistics:

num_allocs_failed_limit: 3.
num_arena_births: 774.
num_arena_deaths: 14.
num_vsnodes_births: 2.
num_vsnodes_deaths: 0.
num_space_committed: 546.
num_space_uncommitted: 0.
num_chunks_returned_to_freelist: 17.
num_chunks_taken_from_freelist: 2192.
num_chunk_merges: 9.
num_chunk_splits: 1385.
num_chunks_enlarged: 836.
num_inconsistent_stats: 0.

CodeHeap 'non-profiled nmethods': size=120000Kb used=2307Kb max_used=2307Kb free=117692Kb
 bounds [0x000002d10ac10000, 0x000002d10ae80000, 0x000002d112140000]
CodeHeap 'profiled nmethods': size=120000Kb used=8737Kb max_used=8737Kb free=111262Kb
 bounds [0x000002d103140000, 0x000002d1039d0000, 0x000002d10a670000]
CodeHeap 'non-nmethods': size=5760Kb used=1357Kb max_used=1406Kb free=4403Kb
 bounds [0x000002d10a670000, 0x000002d10a8e0000, 0x000002d10ac10000]
CodeCache: size=245760Kb, used=12401Kb, max_used=12450Kb, free=233357Kb
 total_blobs=5131, nmethods=4478, adapters=559, full_count=0
Compilation: enabled, stopped_count=0, restarted_count=0

Compilation events (20 events):
Event: 12.043 Thread 0x000002d11633e740 4495       2       jdk.internal.jimage.BasicImageReader::verifyLocation (39 bytes)
Event: 12.043 Thread 0x000002d11633e740 nmethod 4495 0x000002d1039c4410 code [0x000002d1039c45e0, 0x000002d1039c47d0]
Event: 12.043 Thread 0x000002d11633e740 4494       2       jdk.internal.jimage.ImageReader::verifyLocation (14 bytes)
Event: 12.044 Thread 0x000002d11633e740 nmethod 4494 0x000002d1039c4890 code [0x000002d1039c4a60, 0x000002d1039c4c80]
Event: 12.044 Thread 0x000002d11633e740 4500       2       org.eclipse.jdt.internal.compiler.util.HashtableOfInt::put (95 bytes)
Event: 12.044 Thread 0x000002d11633e740 nmethod 4500 0x000002d1039c4d90 code [0x000002d1039c4f60, 0x000002d1039c5318]
Event: 12.044 Thread 0x000002d11633e740 4496       2       sun.util.ResourceBundleEnumeration::hasMoreElements (117 bytes)
Event: 12.044 Thread 0x000002d11633e740 nmethod 4496 0x000002d1039c5590 code [0x000002d1039c5780, 0x000002d1039c5b78]
Event: 12.044 Thread 0x000002d11633e740 4498       2       sun.util.ResourceBundleEnumeration::nextElement (27 bytes)
Event: 12.045 Thread 0x000002d11633e740 nmethod 4498 0x000002d1039c5d10 code [0x000002d1039c5ec0, 0x000002d1039c60e0]
Event: 12.045 Thread 0x000002d11633e740 4497       2       sun.util.ResourceBundleEnumeration::nextElement (5 bytes)
Event: 12.045 Thread 0x000002d11633e740 nmethod 4497 0x000002d1039c6210 code [0x000002d1039c63c0, 0x000002d1039c65e0]
Event: 12.045 Thread 0x000002d11633e740 4499       2       org.eclipse.jdt.internal.compiler.problem.DefaultProblemFactory::keyFromID (4 bytes)
Event: 12.045 Thread 0x000002d11633e740 nmethod 4499 0x000002d1039c6710 code [0x000002d1039c68a0, 0x000002d1039c6988]
Event: 12.058 Thread 0x000002d116312f60 nmethod 4263 0x000002d10ae4d810 code [0x000002d10ae4da00, 0x000002d10ae4e390]
Event: 12.058 Thread 0x000002d116312f60 4491       4       java.util.Properties::loadConvert (540 bytes)
Event: 12.090 Thread 0x000002d116312f60 nmethod 4491 0x000002d10ae4ef10 code [0x000002d10ae4f1a0, 0x000002d10ae50340]
Event: 12.090 Thread 0x000002d116312f60 4316       4       jdk.internal.jimage.ImageReader$SharedImageReader::lambda$handleModulesSubTree$1 (43 bytes)
Event: 12.095 Thread 0x000002d11633e740 4501       2       org.lombokweb.asm.ByteVector::enlarge (73 bytes)
Event: 12.096 Thread 0x000002d11633e740 nmethod 4501 0x000002d1039c6a10 code [0x000002d1039c6be0, 0x000002d1039c6f38]

GC Heap History (20 events):
Event: 8.781 GC heap after
{Heap after GC invocations=9 (full 1):
 PSYoungGen      total 26624K, used 3556K [0x00000000d5580000, 0x00000000d7700000, 0x0000000100000000)
  eden space 23040K, 0% used [0x00000000d5580000,0x00000000d5580000,0x00000000d6c00000)
  from space 3584K, 99% used [0x00000000d7100000,0x00000000d7479098,0x00000000d7480000)
  to   space 5120K, 0% used [0x00000000d6c00000,0x00000000d6c00000,0x00000000d7100000)
 ParOldGen       total 68608K, used 9669K [0x0000000080000000, 0x0000000084300000, 0x00000000d5580000)
  object space 68608K, 14% used [0x0000000080000000,0x0000000080971650,0x0000000084300000)
 Metaspace       used 26742K, committed 27520K, reserved 1114112K
  class space    used 2633K, committed 3008K, reserved 1048576K
}
Event: 10.886 GC heap before
{Heap before GC invocations=10 (full 1):
 PSYoungGen      total 26624K, used 26596K [0x00000000d5580000, 0x00000000d7700000, 0x0000000100000000)
  eden space 23040K, 100% used [0x00000000d5580000,0x00000000d6c00000,0x00000000d6c00000)
  from space 3584K, 99% used [0x00000000d7100000,0x00000000d7479098,0x00000000d7480000)
  to   space 5120K, 0% used [0x00000000d6c00000,0x00000000d6c00000,0x00000000d7100000)
 ParOldGen       total 68608K, used 9669K [0x0000000080000000, 0x0000000084300000, 0x00000000d5580000)
  object space 68608K, 14% used [0x0000000080000000,0x0000000080971650,0x0000000084300000)
 Metaspace       used 29873K, committed 30656K, reserved 1114112K
  class space    used 3008K, committed 3328K, reserved 1048576K
}
Event: 10.890 GC heap after
{Heap after GC invocations=10 (full 1):
 PSYoungGen      total 27648K, used 4941K [0x00000000d5580000, 0x00000000d7580000, 0x0000000100000000)
  eden space 22528K, 0% used [0x00000000d5580000,0x00000000d5580000,0x00000000d6b80000)
  from space 5120K, 96% used [0x00000000d6c00000,0x00000000d70d37a0,0x00000000d7100000)
  to   space 4608K, 0% used [0x00000000d7100000,0x00000000d7100000,0x00000000d7580000)
 ParOldGen       total 68608K, used 9677K [0x0000000080000000, 0x0000000084300000, 0x00000000d5580000)
  object space 68608K, 14% used [0x0000000080000000,0x0000000080973650,0x0000000084300000)
 Metaspace       used 29873K, committed 30656K, reserved 1114112K
  class space    used 3008K, committed 3328K, reserved 1048576K
}
Event: 11.323 GC heap before
{Heap before GC invocations=11 (full 1):
 PSYoungGen      total 27648K, used 27469K [0x00000000d5580000, 0x00000000d7580000, 0x0000000100000000)
  eden space 22528K, 100% used [0x00000000d5580000,0x00000000d6b80000,0x00000000d6b80000)
  from space 5120K, 96% used [0x00000000d6c00000,0x00000000d70d37a0,0x00000000d7100000)
  to   space 4608K, 0% used [0x00000000d7100000,0x00000000d7100000,0x00000000d7580000)
 ParOldGen       total 68608K, used 9677K [0x0000000080000000, 0x0000000084300000, 0x00000000d5580000)
  object space 68608K, 14% used [0x0000000080000000,0x0000000080973650,0x0000000084300000)
 Metaspace       used 32031K, committed 33024K, reserved 1114112K
  class space    used 3260K, committed 3712K, reserved 1048576K
}
Event: 11.329 GC heap after
{Heap after GC invocations=11 (full 1):
 PSYoungGen      total 25088K, used 2790K [0x00000000d5580000, 0x00000000d7400000, 0x0000000100000000)
  eden space 22016K, 0% used [0x00000000d5580000,0x00000000d5580000,0x00000000d6b00000)
  from space 3072K, 90% used [0x00000000d7100000,0x00000000d73b9a60,0x00000000d7400000)
  to   space 4096K, 0% used [0x00000000d6c00000,0x00000000d6c00000,0x00000000d7000000)
 ParOldGen       total 68608K, used 13178K [0x0000000080000000, 0x0000000084300000, 0x00000000d5580000)
  object space 68608K, 19% used [0x0000000080000000,0x0000000080cde968,0x0000000084300000)
 Metaspace       used 32031K, committed 33024K, reserved 1114112K
  class space    used 3260K, committed 3712K, reserved 1048576K
}
Event: 11.420 GC heap before
{Heap before GC invocations=12 (full 1):
 PSYoungGen      total 25088K, used 24806K [0x00000000d5580000, 0x00000000d7400000, 0x0000000100000000)
  eden space 22016K, 100% used [0x00000000d5580000,0x00000000d6b00000,0x00000000d6b00000)
  from space 3072K, 90% used [0x00000000d7100000,0x00000000d73b9a60,0x00000000d7400000)
  to   space 4096K, 0% used [0x00000000d6c00000,0x00000000d6c00000,0x00000000d7000000)
 ParOldGen       total 68608K, used 13178K [0x0000000080000000, 0x0000000084300000, 0x00000000d5580000)
  object space 68608K, 19% used [0x0000000080000000,0x0000000080cde968,0x0000000084300000)
 Metaspace       used 32043K, committed 33024K, reserved 1114112K
  class space    used 3260K, committed 3712K, reserved 1048576K
}
Event: 11.425 GC heap after
{Heap after GC invocations=12 (full 1):
 PSYoungGen      total 24064K, used 1984K [0x00000000d5580000, 0x00000000d7180000, 0x0000000100000000)
  eden space 22016K, 0% used [0x00000000d5580000,0x00000000d5580000,0x00000000d6b00000)
  from space 2048K, 96% used [0x00000000d6c00000,0x00000000d6df0010,0x00000000d6e00000)
  to   space 2560K, 0% used [0x00000000d6f00000,0x00000000d6f00000,0x00000000d7180000)
 ParOldGen       total 68608K, used 15872K [0x0000000080000000, 0x0000000084300000, 0x00000000d5580000)
  object space 68608K, 23% used [0x0000000080000000,0x0000000080f801d0,0x0000000084300000)
 Metaspace       used 32043K, committed 33024K, reserved 1114112K
  class space    used 3260K, committed 3712K, reserved 1048576K
}
Event: 11.550 GC heap before
{Heap before GC invocations=13 (full 1):
 PSYoungGen      total 24064K, used 24000K [0x00000000d5580000, 0x00000000d7180000, 0x0000000100000000)
  eden space 22016K, 100% used [0x00000000d5580000,0x00000000d6b00000,0x00000000d6b00000)
  from space 2048K, 96% used [0x00000000d6c00000,0x00000000d6df0010,0x00000000d6e00000)
  to   space 2560K, 0% used [0x00000000d6f00000,0x00000000d6f00000,0x00000000d7180000)
 ParOldGen       total 68608K, used 15872K [0x0000000080000000, 0x0000000084300000, 0x00000000d5580000)
  object space 68608K, 23% used [0x0000000080000000,0x0000000080f801d0,0x0000000084300000)
 Metaspace       used 32480K, committed 33536K, reserved 1114112K
  class space    used 3333K, committed 3776K, reserved 1048576K
}
Event: 11.554 GC heap after
{Heap after GC invocations=13 (full 1):
 PSYoungGen      total 24576K, used 2417K [0x00000000d5580000, 0x00000000d7180000, 0x0000000100000000)
  eden space 22016K, 0% used [0x00000000d5580000,0x00000000d5580000,0x00000000d6b00000)
  from space 2560K, 94% used [0x00000000d6f00000,0x00000000d715c460,0x00000000d7180000)
  to   space 2560K, 0% used [0x00000000d6c80000,0x00000000d6c80000,0x00000000d6f00000)
 ParOldGen       total 68608K, used 17760K [0x0000000080000000, 0x0000000084300000, 0x00000000d5580000)
  object space 68608K, 25% used [0x0000000080000000,0x00000000811581d0,0x0000000084300000)
 Metaspace       used 32480K, committed 33536K, reserved 1114112K
  class space    used 3333K, committed 3776K, reserved 1048576K
}
Event: 11.642 GC heap before
{Heap before GC invocations=14 (full 1):
 PSYoungGen      total 24576K, used 24433K [0x00000000d5580000, 0x00000000d7180000, 0x0000000100000000)
  eden space 22016K, 100% used [0x00000000d5580000,0x00000000d6b00000,0x00000000d6b00000)
  from space 2560K, 94% used [0x00000000d6f00000,0x00000000d715c460,0x00000000d7180000)
  to   space 2560K, 0% used [0x00000000d6c80000,0x00000000d6c80000,0x00000000d6f00000)
 ParOldGen       total 68608K, used 17760K [0x0000000080000000, 0x0000000084300000, 0x00000000d5580000)
  object space 68608K, 25% used [0x0000000080000000,0x00000000811581d0,0x0000000084300000)
 Metaspace       used 32511K, committed 33536K, reserved 1114112K
  class space    used 3334K, committed 3776K, reserved 1048576K
}
Event: 11.647 GC heap after
{Heap after GC invocations=14 (full 1):
 PSYoungGen      total 24576K, used 2242K [0x00000000d5580000, 0x00000000d7000000, 0x0000000100000000)
  eden space 22016K, 0% used [0x00000000d5580000,0x00000000d5580000,0x00000000d6b00000)
  from space 2560K, 87% used [0x00000000d6c80000,0x00000000d6eb0800,0x00000000d6f00000)
  to   space 1024K, 0% used [0x00000000d6f00000,0x00000000d6f00000,0x00000000d7000000)
 ParOldGen       total 68608K, used 19985K [0x0000000080000000, 0x0000000084300000, 0x00000000d5580000)
  object space 68608K, 29% used [0x0000000080000000,0x0000000081384408,0x0000000084300000)
 Metaspace       used 32511K, committed 33536K, reserved 1114112K
  class space    used 3334K, committed 3776K, reserved 1048576K
}
Event: 11.711 GC heap before
{Heap before GC invocations=15 (full 1):
 PSYoungGen      total 24576K, used 24258K [0x00000000d5580000, 0x00000000d7000000, 0x0000000100000000)
  eden space 22016K, 100% used [0x00000000d5580000,0x00000000d6b00000,0x00000000d6b00000)
  from space 2560K, 87% used [0x00000000d6c80000,0x00000000d6eb0800,0x00000000d6f00000)
  to   space 1024K, 0% used [0x00000000d6f00000,0x00000000d6f00000,0x00000000d7000000)
 ParOldGen       total 68608K, used 19985K [0x0000000080000000, 0x0000000084300000, 0x00000000d5580000)
  object space 68608K, 29% used [0x0000000080000000,0x0000000081384408,0x0000000084300000)
 Metaspace       used 32524K, committed 33536K, reserved 1114112K
  class space    used 3334K, committed 3776K, reserved 1048576K
}
Event: 11.717 GC heap after
{Heap after GC invocations=15 (full 1):
 PSYoungGen      total 22528K, used 1024K [0x00000000d5580000, 0x00000000d7400000, 0x0000000100000000)
  eden space 21504K, 0% used [0x00000000d5580000,0x00000000d5580000,0x00000000d6a80000)
  from space 1024K, 100% used [0x00000000d6f00000,0x00000000d7000000,0x00000000d7000000)
  to   space 4608K, 0% used [0x00000000d6a80000,0x00000000d6a80000,0x00000000d6f00000)
 ParOldGen       total 68608K, used 22971K [0x0000000080000000, 0x0000000084300000, 0x00000000d5580000)
  object space 68608K, 33% used [0x0000000080000000,0x000000008166efb8,0x0000000084300000)
 Metaspace       used 32524K, committed 33536K, reserved 1114112K
  class space    used 3334K, committed 3776K, reserved 1048576K
}
Event: 11.789 GC heap before
{Heap before GC invocations=16 (full 1):
 PSYoungGen      total 22528K, used 22528K [0x00000000d5580000, 0x00000000d7400000, 0x0000000100000000)
  eden space 21504K, 100% used [0x00000000d5580000,0x00000000d6a80000,0x00000000d6a80000)
  from space 1024K, 100% used [0x00000000d6f00000,0x00000000d7000000,0x00000000d7000000)
  to   space 4608K, 0% used [0x00000000d6a80000,0x00000000d6a80000,0x00000000d6f00000)
 ParOldGen       total 68608K, used 22971K [0x0000000080000000, 0x0000000084300000, 0x00000000d5580000)
  object space 68608K, 33% used [0x0000000080000000,0x000000008166efb8,0x0000000084300000)
 Metaspace       used 32556K, committed 33600K, reserved 1114112K
  class space    used 3334K, committed 3776K, reserved 1048576K
}
Event: 11.793 GC heap after
{Heap after GC invocations=16 (full 1):
 PSYoungGen      total 24064K, used 2176K [0x00000000d5580000, 0x00000000d7080000, 0x0000000100000000)
  eden space 21504K, 0% used [0x00000000d5580000,0x00000000d5580000,0x00000000d6a80000)
  from space 2560K, 85% used [0x00000000d6a80000,0x00000000d6ca0010,0x00000000d6d00000)
  to   space 3072K, 0% used [0x00000000d6d80000,0x00000000d6d80000,0x00000000d7080000)
 ParOldGen       total 68608K, used 24027K [0x0000000080000000, 0x0000000084300000, 0x00000000d5580000)
  object space 68608K, 35% used [0x0000000080000000,0x0000000081776fb8,0x0000000084300000)
 Metaspace       used 32556K, committed 33600K, reserved 1114112K
  class space    used 3334K, committed 3776K, reserved 1048576K
}
Event: 11.856 GC heap before
{Heap before GC invocations=17 (full 1):
 PSYoungGen      total 24064K, used 23680K [0x00000000d5580000, 0x00000000d7080000, 0x0000000100000000)
  eden space 21504K, 100% used [0x00000000d5580000,0x00000000d6a80000,0x00000000d6a80000)
  from space 2560K, 85% used [0x00000000d6a80000,0x00000000d6ca0010,0x00000000d6d00000)
  to   space 3072K, 0% used [0x00000000d6d80000,0x00000000d6d80000,0x00000000d7080000)
 ParOldGen       total 68608K, used 24027K [0x0000000080000000, 0x0000000084300000, 0x00000000d5580000)
  object space 68608K, 35% used [0x0000000080000000,0x0000000081776fb8,0x0000000084300000)
 Metaspace       used 32623K, committed 33600K, reserved 1114112K
  class space    used 3334K, committed 3776K, reserved 1048576K
}
Event: 11.859 GC heap after
{Heap after GC invocations=17 (full 1):
 PSYoungGen      total 23552K, used 1792K [0x00000000d5580000, 0x00000000d6f80000, 0x0000000100000000)
  eden space 21504K, 0% used [0x00000000d5580000,0x00000000d5580000,0x00000000d6a80000)
  from space 2048K, 87% used [0x00000000d6d80000,0x00000000d6f40000,0x00000000d6f80000)
  to   space 2048K, 0% used [0x00000000d6b80000,0x00000000d6b80000,0x00000000d6d80000)
 ParOldGen       total 68608K, used 26059K [0x0000000080000000, 0x0000000084300000, 0x00000000d5580000)
  object space 68608K, 37% used [0x0000000080000000,0x0000000081972fc8,0x0000000084300000)
 Metaspace       used 32623K, committed 33600K, reserved 1114112K
  class space    used 3334K, committed 3776K, reserved 1048576K
}
Event: 11.932 GC heap before
{Heap before GC invocations=18 (full 1):
 PSYoungGen      total 23552K, used 23296K [0x00000000d5580000, 0x00000000d6f80000, 0x0000000100000000)
  eden space 21504K, 100% used [0x00000000d5580000,0x00000000d6a80000,0x00000000d6a80000)
  from space 2048K, 87% used [0x00000000d6d80000,0x00000000d6f40000,0x00000000d6f80000)
  to   space 2048K, 0% used [0x00000000d6b80000,0x00000000d6b80000,0x00000000d6d80000)
 ParOldGen       total 68608K, used 26059K [0x0000000080000000, 0x0000000084300000, 0x00000000d5580000)
  object space 68608K, 37% used [0x0000000080000000,0x0000000081972fc8,0x0000000084300000)
 Metaspace       used 32742K, committed 33792K, reserved 1114112K
  class space    used 3338K, committed 3776K, reserved 1048576K
}
Event: 11.937 GC heap after
{Heap after GC invocations=18 (full 1):
 PSYoungGen      total 23552K, used 2040K [0x00000000d5580000, 0x00000000d7280000, 0x0000000100000000)
  eden space 21504K, 0% used [0x00000000d5580000,0x00000000d5580000,0x00000000d6a80000)
  from space 2048K, 99% used [0x00000000d6b80000,0x00000000d6d7e200,0x00000000d6d80000)
  to   space 4096K, 0% used [0x00000000d6e80000,0x00000000d6e80000,0x00000000d7280000)
 ParOldGen       total 68608K, used 27731K [0x0000000080000000, 0x0000000084300000, 0x00000000d5580000)
  object space 68608K, 40% used [0x0000000080000000,0x0000000081b14fc8,0x0000000084300000)
 Metaspace       used 32742K, committed 33792K, reserved 1114112K
  class space    used 3338K, committed 3776K, reserved 1048576K
}
Event: 12.113 GC heap before
{Heap before GC invocations=19 (full 1):
 PSYoungGen      total 23552K, used 23507K [0x00000000d5580000, 0x00000000d7280000, 0x0000000100000000)
  eden space 21504K, 99% used [0x00000000d5580000,0x00000000d6a76ac0,0x00000000d6a80000)
  from space 2048K, 99% used [0x00000000d6b80000,0x00000000d6d7e200,0x00000000d6d80000)
  to   space 4096K, 0% used [0x00000000d6e80000,0x00000000d6e80000,0x00000000d7280000)
 ParOldGen       total 68608K, used 27731K [0x0000000080000000, 0x0000000084300000, 0x00000000d5580000)
  object space 68608K, 40% used [0x0000000080000000,0x0000000081b14fc8,0x0000000084300000)
 Metaspace       used 33694K, committed 34688K, reserved 1114112K
  class space    used 3475K, committed 3904K, reserved 1048576K
}

Dll operation events (10 events):
Event: 0.029 Loaded shared library c:\Users\Lenovo\.vscode\extensions\redhat.java-1.55.0-win32-x64\jre\21.0.11-win32-x86_64\bin\java.dll
Event: 0.393 Loaded shared library c:\Users\Lenovo\.vscode\extensions\redhat.java-1.55.0-win32-x64\jre\21.0.11-win32-x86_64\bin\zip.dll
Event: 0.508 Loaded shared library C:\Users\Lenovo\.vscode\extensions\redhat.java-1.55.0-win32-x64\jre\21.0.11-win32-x86_64\bin\instrument.dll
Event: 0.560 Loaded shared library C:\Users\Lenovo\.vscode\extensions\redhat.java-1.55.0-win32-x64\jre\21.0.11-win32-x86_64\bin\net.dll
Event: 0.574 Loaded shared library C:\Users\Lenovo\.vscode\extensions\redhat.java-1.55.0-win32-x64\jre\21.0.11-win32-x86_64\bin\nio.dll
Event: 0.583 Loaded shared library C:\Users\Lenovo\.vscode\extensions\redhat.java-1.55.0-win32-x64\jre\21.0.11-win32-x86_64\bin\zip.dll
Event: 0.648 Loaded shared library C:\Users\Lenovo\.vscode\extensions\redhat.java-1.55.0-win32-x64\jre\21.0.11-win32-x86_64\bin\jimage.dll
Event: 0.927 Loaded shared library c:\Users\Lenovo\.vscode\extensions\redhat.java-1.55.0-win32-x64\jre\21.0.11-win32-x86_64\bin\verify.dll
Event: 4.386 Loaded shared library C:\Users\Lenovo\AppData\Roaming\Code\User\globalStorage\redhat.java\1.55.0\config_ss_win\org.eclipse.equinox.launcher\org.eclipse.equinox.launcher.win32.win32.x86_64_1.3.100.v20260613-0559\eclipse_11924.dll
Event: 6.022 Loaded shared library C:\Users\Lenovo\AppData\Local\Temp\jna-109204053\jna4121101264576368533.dll

Deoptimization events (20 events):
Event: 12.030 Thread 0x000002d15e3bf740 Uncommon trap: trap_request=0xffffff45 fr.pc=0x000002d10ad648c8 relative=0x0000000000000748
Event: 12.030 Thread 0x000002d15e3bf740 Uncommon trap: reason=unstable_if action=reinterpret pc=0x000002d10ad648c8 method=java.util.Properties$LineReader.readLine()I @ 325 c2
Event: 12.030 Thread 0x000002d15e3bf740 DEOPT PACKING pc=0x000002d10ad648c8 sp=0x000000d83dffda30
Event: 12.030 Thread 0x000002d15e3bf740 DEOPT UNPACKING pc=0x000002d10a6c3aa2 sp=0x000000d83dffd9d8 mode 2
Event: 12.037 Thread 0x000002d15e3bf740 DEOPT PACKING pc=0x000002d1039c1326 sp=0x000000d83dffd9e0
Event: 12.037 Thread 0x000002d15e3bf740 DEOPT UNPACKING pc=0x000002d10a6c4242 sp=0x000000d83dffced8 mode 0
Event: 12.038 Thread 0x000002d15e3bf740 DEOPT PACKING pc=0x000002d1039c1326 sp=0x000000d83dffd9e0
Event: 12.038 Thread 0x000002d15e3bf740 DEOPT UNPACKING pc=0x000002d10a6c4242 sp=0x000000d83dffced8 mode 0
Event: 12.039 Thread 0x000002d15e3bf740 DEOPT PACKING pc=0x000002d1039c1326 sp=0x000000d83dffd9e0
Event: 12.039 Thread 0x000002d15e3bf740 DEOPT UNPACKING pc=0x000002d10a6c4242 sp=0x000000d83dffced8 mode 0
Event: 12.039 Thread 0x000002d15e3bf740 DEOPT PACKING pc=0x000002d1039c1326 sp=0x000000d83dffd9e0
Event: 12.039 Thread 0x000002d15e3bf740 DEOPT UNPACKING pc=0x000002d10a6c4242 sp=0x000000d83dffced8 mode 0
Event: 12.040 Thread 0x000002d15e3bf740 DEOPT PACKING pc=0x000002d1039c1326 sp=0x000000d83dffd9e0
Event: 12.040 Thread 0x000002d15e3bf740 DEOPT UNPACKING pc=0x000002d10a6c4242 sp=0x000000d83dffced8 mode 0
Event: 12.040 Thread 0x000002d15e3bf740 DEOPT PACKING pc=0x000002d1039c1326 sp=0x000000d83dffd9e0
Event: 12.040 Thread 0x000002d15e3bf740 DEOPT UNPACKING pc=0x000002d10a6c4242 sp=0x000000d83dffced8 mode 0
Event: 12.041 Thread 0x000002d15e3bf740 DEOPT PACKING pc=0x000002d1039c1326 sp=0x000000d83dffd9e0
Event: 12.041 Thread 0x000002d15e3bf740 DEOPT UNPACKING pc=0x000002d10a6c4242 sp=0x000000d83dffced8 mode 0
Event: 12.041 Thread 0x000002d15e3bf740 DEOPT PACKING pc=0x000002d1039c1326 sp=0x000000d83dffd9e0
Event: 12.041 Thread 0x000002d15e3bf740 DEOPT UNPACKING pc=0x000002d10a6c4242 sp=0x000000d83dffced8 mode 0

Classes loaded (20 events):
Event: 11.298 Loading class java/lang/invoke/MethodHandleImpl$Makers$2
Event: 11.298 Loading class java/lang/invoke/MethodHandleImpl$Makers$2 done
Event: 11.298 Loading class java/lang/invoke/MethodHandleImpl$Makers$3
Event: 11.298 Loading class java/lang/invoke/MethodHandleImpl$Makers$3 done
Event: 11.302 Loading class java/lang/runtime/ObjectMethods$1
Event: 11.302 Loading class java/lang/runtime/ObjectMethods$1 done
Event: 11.455 Loading class java/lang/invoke/MethodHandleImpl$CountingWrapper
Event: 11.455 Loading class java/lang/invoke/MethodHandleImpl$CountingWrapper done
Event: 11.474 Loading class java/util/AbstractList$ListItr
Event: 11.474 Loading class java/util/AbstractList$ListItr done
Event: 11.484 Loading class java/nio/channels/Channels$ReadableByteChannelImpl
Event: 11.485 Loading class java/nio/channels/Channels$ReadableByteChannelImpl done
Event: 11.485 Loading class java/nio/channels/NonWritableChannelException
Event: 11.485 Loading class java/nio/channels/NonWritableChannelException done
Event: 11.742 Loading class java/lang/invoke/MethodHandleImpl$CountingWrapper$1
Event: 11.742 Loading class java/lang/invoke/MethodHandleImpl$CountingWrapper$1 done
Event: 11.989 Loading class sun/reflect/misc/ReflectUtil
Event: 11.990 Loading class sun/reflect/misc/ReflectUtil done
Event: 12.045 Loading class java/lang/ExceptionInInitializerError
Event: 12.046 Loading class java/lang/ExceptionInInitializerError done

Classes unloaded (7 events):
Event: 7.619 Thread 0x000002d116302d50 Unloading class 0x000002d118191400 'java/lang/invoke/LambdaForm$MH+0x000002d118191400'
Event: 7.619 Thread 0x000002d116302d50 Unloading class 0x000002d118191000 'java/lang/invoke/LambdaForm$MH+0x000002d118191000'
Event: 7.619 Thread 0x000002d116302d50 Unloading class 0x000002d118190c00 'java/lang/invoke/LambdaForm$MH+0x000002d118190c00'
Event: 7.619 Thread 0x000002d116302d50 Unloading class 0x000002d118190800 'java/lang/invoke/LambdaForm$MH+0x000002d118190800'
Event: 7.619 Thread 0x000002d116302d50 Unloading class 0x000002d118190400 'java/lang/invoke/LambdaForm$BMH+0x000002d118190400'
Event: 7.619 Thread 0x000002d116302d50 Unloading class 0x000002d118190000 'java/lang/invoke/LambdaForm$DMH+0x000002d118190000'
Event: 7.619 Thread 0x000002d116302d50 Unloading class 0x000002d11818ec00 'java/lang/invoke/LambdaForm$DMH+0x000002d11818ec00'

Classes redefined (0 events):
No events

Internal exceptions (20 events):
Event: 11.297 Thread 0x000002d15e3bfdd0 Exception <a 'java/lang/NoSuchMethodError'{0x00000000d68ef8b8}: 'java.lang.Object java.lang.invoke.Invokers$Holder.invoke_MT(java.lang.Object, java.lang.Object, java.lang.Object, java.lang.Object, java.lang.Object, java.lang.Object, java.lang.Object, java.lang.Object, java.lang.Object, java.lang.Object)'> (0x00000000d68ef8b8) 
thrown [s\src\hotspot\share\interpreter\linkResolver.cpp, line 773]
Event: 11.297 Thread 0x000002d15e3c0460 Exception <a 'java/lang/NoSuchMethodError'{0x00000000d68f8bb8}: 'java.lang.Object java.lang.invoke.Invokers$Holder.invoke_MT(java.lang.Object, java.lang.Object, java.lang.Object, java.lang.Object, java.lang.Object, java.lang.Object, java.lang.Object, java.lang.Object, java.lang.Object, java.lang.Object)'> (0x00000000d68f8bb8) 
thrown [s\src\hotspot\share\interpreter\linkResolver.cpp, line 773]
Event: 11.297 Thread 0x000002d15e3bf740 Exception <a 'java/lang/NoSuchMethodError'{0x00000000d69012f0}: 'java.lang.Object java.lang.invoke.Invokers$Holder.invoke_MT(java.lang.Object, java.lang.Object, java.lang.Object, java.lang.Object, java.lang.Object, java.lang.Object, java.lang.Object, java.lang.Object, java.lang.Object, java.lang.Object)'> (0x00000000d69012f0) 
thrown [s\src\hotspot\share\interpreter\linkResolver.cpp, line 773]
Event: 11.303 Thread 0x000002d15e3c0460 Exception <a 'java/lang/NoSuchMethodError'{0x00000000d6987d38}: 'int java.lang.invoke.DirectMethodHandle$Holder.invokeVirtual(java.lang.Object, java.lang.Object, java.lang.Object)'> (0x00000000d6987d38) 
thrown [s\src\hotspot\share\interpreter\linkResolver.cpp, line 773]
Event: 11.303 Thread 0x000002d15e3c0460 Exception <a 'java/lang/NoSuchMethodError'{0x00000000d698c0e0}: 'int java.lang.invoke.DirectMethodHandle$Holder.invokeStaticInit(java.lang.Object, int, int)'> (0x00000000d698c0e0) 
thrown [s\src\hotspot\share\interpreter\linkResolver.cpp, line 773]
Event: 11.304 Thread 0x000002d15e3c0460 Exception <a 'java/lang/NoSuchMethodError'{0x00000000d6993af0}: 'int java.lang.invoke.DirectMethodHandle$Holder.invokeStaticInit(java.lang.Object, long, long)'> (0x00000000d6993af0) 
thrown [s\src\hotspot\share\interpreter\linkResolver.cpp, line 773]
Event: 11.304 Thread 0x000002d15e3c0460 Exception <a 'java/lang/NoSuchMethodError'{0x00000000d699aaa8}: 'int java.lang.invoke.DirectMethodHandle$Holder.invokeStaticInit(java.lang.Object, float, float)'> (0x00000000d699aaa8) 
thrown [s\src\hotspot\share\interpreter\linkResolver.cpp, line 773]
Event: 11.305 Thread 0x000002d15e3c0460 Exception <a 'java/lang/NoSuchMethodError'{0x00000000d69a17e8}: 'int java.lang.invoke.DirectMethodHandle$Holder.invokeStaticInit(java.lang.Object, double, double)'> (0x00000000d69a17e8) 
thrown [s\src\hotspot\share\interpreter\linkResolver.cpp, line 773]
Event: 11.305 Thread 0x000002d15e3c0460 Exception <a 'java/lang/NoSuchMethodError'{0x00000000d69a6248}: 'int java.lang.invoke.DirectMethodHandle$Holder.invokeStatic(java.lang.Object, long)'> (0x00000000d69a6248) 
thrown [s\src\hotspot\share\interpreter\linkResolver.cpp, line 773]
Event: 11.309 Thread 0x000002d15e3bfdd0 Exception <a 'java/lang/NoSuchMethodError'{0x00000000d69f2fe8}: 'int java.lang.invoke.Invokers$Holder.linkToTargetMethod(java.lang.Object, java.lang.Object)'> (0x00000000d69f2fe8) 
thrown [s\src\hotspot\share\interpreter\linkResolver.cpp, line 773]
Event: 11.309 Thread 0x000002d15e3bf740 Exception <a 'java/lang/NoSuchMethodError'{0x00000000d69d9060}: 'int java.lang.invoke.Invokers$Holder.linkToTargetMethod(java.lang.Object, java.lang.Object)'> (0x00000000d69d9060) 
thrown [s\src\hotspot\share\interpreter\linkResolver.cpp, line 773]
Event: 11.309 Thread 0x000002d15e3c0460 Exception <a 'java/lang/NoSuchMethodError'{0x00000000d69d0490}: 'int java.lang.invoke.Invokers$Holder.linkToTargetMethod(java.lang.Object, java.lang.Object)'> (0x00000000d69d0490) 
thrown [s\src\hotspot\share\interpreter\linkResolver.cpp, line 773]
Event: 11.453 Thread 0x000002d15e3c0460 Exception <a 'java/lang/NoSuchMethodError'{0x00000000d59dacf0}: 'int java.lang.invoke.DirectMethodHandle$Holder.invokeSpecial(java.lang.Object, java.lang.Object, java.lang.Object, java.lang.Object)'> (0x00000000d59dacf0) 
thrown [s\src\hotspot\share\interpreter\linkResolver.cpp, line 773]
Event: 11.454 Thread 0x000002d15e3bf740 Exception <a 'java/lang/NoSuchMethodError'{0x00000000d59e2e10}: 'int java.lang.invoke.DirectMethodHandle$Holder.invokeSpecial(java.lang.Object, java.lang.Object, java.lang.Object, java.lang.Object)'> (0x00000000d59e2e10) 
thrown [s\src\hotspot\share\interpreter\linkResolver.cpp, line 773]
Event: 11.455 Thread 0x000002d15e3c0460 Exception <a 'java/lang/NoSuchMethodError'{0x00000000d5a43d70}: 'java.lang.Object java.lang.invoke.DirectMethodHandle$Holder.invokeStatic(java.lang.Object, int, java.lang.Object, java.lang.Object)'> (0x00000000d5a43d70) 
thrown [s\src\hotspot\share\interpreter\linkResolver.cpp, line 773]
Event: 11.455 Thread 0x000002d15e3bf740 Exception <a 'java/lang/NoSuchMethodError'{0x00000000d59e9b18}: 'java.lang.Object java.lang.invoke.DirectMethodHandle$Holder.invokeStatic(java.lang.Object, int, java.lang.Object, java.lang.Object)'> (0x00000000d59e9b18) 
thrown [s\src\hotspot\share\interpreter\linkResolver.cpp, line 773]
Event: 11.455 Thread 0x000002d15e3bf740 Exception <a 'java/lang/NoSuchMethodError'{0x00000000d59ed308}: 'java.lang.Object java.lang.invoke.DelegatingMethodHandle$Holder.delegate(java.lang.Object, int, java.lang.Object, java.lang.Object)'> (0x00000000d59ed308) 
thrown [s\src\hotspot\share\interpreter\linkResolver.cpp, line 773]
Event: 11.455 Thread 0x000002d15e3c0460 Exception <a 'java/lang/NoSuchMethodError'{0x00000000d5a47628}: 'java.lang.Object java.lang.invoke.DelegatingMethodHandle$Holder.delegate(java.lang.Object, int, java.lang.Object, java.lang.Object)'> (0x00000000d5a47628) 
thrown [s\src\hotspot\share\interpreter\linkResolver.cpp, line 773]
Event: 11.458 Thread 0x000002d15e3bf740 Exception <a 'java/lang/NoSuchMethodError'{0x00000000d5a58198}: 'int java.lang.invoke.Invokers$Holder.linkToTargetMethod(java.lang.Object, java.lang.Object, java.lang.Object)'> (0x00000000d5a58198) 
thrown [s\src\hotspot\share\interpreter\linkResolver.cpp, line 773]
Event: 11.458 Thread 0x000002d15e3c0460 Exception <a 'java/lang/NoSuchMethodError'{0x00000000d5a73618}: 'int java.lang.invoke.Invokers$Holder.linkToTargetMethod(java.lang.Object, java.lang.Object, java.lang.Object)'> (0x00000000d5a73618) 
thrown [s\src\hotspot\share\interpreter\linkResolver.cpp, line 773]

ZGC Phase Switch (0 events):
No events

VM Operations (20 events):
Event: 11.175 Executing non-safepoint VM operation: HandshakeAllThreads (Deoptimize) done
Event: 11.175 Executing non-safepoint VM operation: HandshakeAllThreads (Deoptimize)
Event: 11.175 Executing non-safepoint VM operation: HandshakeAllThreads (Deoptimize) done
Event: 11.323 Executing safepoint VM operation: ParallelGCFailedAllocation (Allocation Failure)
Event: 11.329 Executing safepoint VM operation: ParallelGCFailedAllocation (Allocation Failure) done
Event: 11.420 Executing safepoint VM operation: ParallelGCFailedAllocation (Allocation Failure)
Event: 11.425 Executing safepoint VM operation: ParallelGCFailedAllocation (Allocation Failure) done
Event: 11.550 Executing safepoint VM operation: ParallelGCFailedAllocation (Allocation Failure)
Event: 11.554 Executing safepoint VM operation: ParallelGCFailedAllocation (Allocation Failure) done
Event: 11.642 Executing safepoint VM operation: ParallelGCFailedAllocation (Allocation Failure)
Event: 11.647 Executing safepoint VM operation: ParallelGCFailedAllocation (Allocation Failure) done
Event: 11.711 Executing safepoint VM operation: ParallelGCFailedAllocation (Allocation Failure)
Event: 11.717 Executing safepoint VM operation: ParallelGCFailedAllocation (Allocation Failure) done
Event: 11.789 Executing safepoint VM operation: ParallelGCFailedAllocation (Allocation Failure)
Event: 11.793 Executing safepoint VM operation: ParallelGCFailedAllocation (Allocation Failure) done
Event: 11.856 Executing safepoint VM operation: ParallelGCFailedAllocation (Allocation Failure)
Event: 11.859 Executing safepoint VM operation: ParallelGCFailedAllocation (Allocation Failure) done
Event: 11.932 Executing safepoint VM operation: ParallelGCFailedAllocation (Allocation Failure)
Event: 11.938 Executing safepoint VM operation: ParallelGCFailedAllocation (Allocation Failure) done
Event: 12.113 Executing safepoint VM operation: ParallelGCFailedAllocation (Allocation Failure)

Memory protections (0 events):
No events

Nmethod flushes (0 events):
No events

Events (20 events):
Event: 7.796 Thread 0x000002d11633e740 Thread added: 0x000002d15dd876d0
Event: 7.849 Thread 0x000002d15daf8e60 Thread added: 0x000002d15dba1890
Event: 7.948 Thread 0x000002d15dba1890 Thread exited: 0x000002d15dba1890
Event: 8.253 Thread 0x000002d17f3a31f0 Thread added: 0x000002d15dba3960
Event: 8.254 Thread 0x000002d17f3a31f0 Thread added: 0x000002d15dba3ff0
Event: 8.254 Thread 0x000002d17f3a31f0 Thread added: 0x000002d15dba1890
Event: 8.254 Thread 0x000002d17f3a31f0 Thread added: 0x000002d15dba2c40
Event: 8.254 Thread 0x000002d17f3a31f0 Thread added: 0x000002d15dba4680
Event: 8.254 Thread 0x000002d17f3a31f0 Thread added: 0x000002d15dba1f20
Event: 8.254 Thread 0x000002d17f3a31f0 Thread added: 0x000002d15dba25b0
Event: 8.254 Thread 0x000002d17f3a31f0 Thread added: 0x000002d15e3c1180
Event: 8.255 Thread 0x000002d17f3a31f0 Thread added: 0x000002d15e3c1810
Event: 8.282 Thread 0x000002d17f3a31f0 Thread added: 0x000002d15e3c1ea0
Event: 8.522 Thread 0x000002d15dd876d0 Thread exited: 0x000002d15dd876d0
Event: 8.972 Thread 0x000002d15dfa6030 Thread added: 0x000002d15e3c2530
Event: 10.693 Thread 0x000002d17f3a31f0 Thread added: 0x000002d15e3bf0b0
Event: 10.694 Thread 0x000002d17f3a31f0 Thread added: 0x000002d15e3bf740
Event: 10.705 Thread 0x000002d11633e740 Thread added: 0x000002d15e47c550
Event: 11.059 Thread 0x000002d15e3bf740 Thread added: 0x000002d15e3bfdd0
Event: 11.062 Thread 0x000002d15e3bf740 Thread added: 0x000002d15e3c0460


Dynamic libraries:
0x00007ff7bb500000 - 0x00007ff7bb50e000 	c:\Users\Lenovo\.vscode\extensions\redhat.java-1.55.0-win32-x64\jre\21.0.11-win32-x86_64\bin\java.exe
0x00007ff8f0b30000 - 0x00007ff8f0d47000 	C:\WINDOWS\SYSTEM32\ntdll.dll
0x00007ff8ef410000 - 0x00007ff8ef4d4000 	C:\WINDOWS\System32\KERNEL32.DLL
0x00007ff8ee080000 - 0x00007ff8ee452000 	C:\WINDOWS\System32\KERNELBASE.dll
0x00007ff8ede30000 - 0x00007ff8edf41000 	C:\WINDOWS\System32\ucrtbase.dll
0x00007ff82afe0000 - 0x00007ff82aff8000 	c:\Users\Lenovo\.vscode\extensions\redhat.java-1.55.0-win32-x64\jre\21.0.11-win32-x86_64\bin\jli.dll
0x00007ff852df0000 - 0x00007ff852e0e000 	c:\Users\Lenovo\.vscode\extensions\redhat.java-1.55.0-win32-x64\jre\21.0.11-win32-x86_64\bin\VCRUNTIME140.dll
0x00007ff8efdc0000 - 0x00007ff8eff71000 	C:\WINDOWS\System32\USER32.dll
0x00007ff8ee460000 - 0x00007ff8ee486000 	C:\WINDOWS\System32\win32u.dll
0x00007ff8daa20000 - 0x00007ff8dacbb000 	C:\WINDOWS\WinSxS\amd64_microsoft.windows.common-controls_6595b64144ccf1df_6.0.22621.5547_none_27104afb73855772\COMCTL32.dll
0x00007ff8f0000000 - 0x00007ff8f0029000 	C:\WINDOWS\System32\GDI32.dll
0x00007ff8ee7c0000 - 0x00007ff8ee867000 	C:\WINDOWS\System32\msvcrt.dll
0x00007ff8edf50000 - 0x00007ff8ee073000 	C:\WINDOWS\System32\gdi32full.dll
0x00007ff8edd90000 - 0x00007ff8ede2a000 	C:\WINDOWS\System32\msvcp_win.dll
0x00007ff8ef810000 - 0x00007ff8ef841000 	C:\WINDOWS\System32\IMM32.DLL
0x00007ff8995f0000 - 0x00007ff8995fc000 	c:\Users\Lenovo\.vscode\extensions\redhat.java-1.55.0-win32-x64\jre\21.0.11-win32-x86_64\bin\vcruntime140_1.dll
0x00007ff82acb0000 - 0x00007ff82ad3d000 	c:\Users\Lenovo\.vscode\extensions\redhat.java-1.55.0-win32-x64\jre\21.0.11-win32-x86_64\bin\msvcp140.dll
0x00007ff829cf0000 - 0x00007ff82aa92000 	c:\Users\Lenovo\.vscode\extensions\redhat.java-1.55.0-win32-x64\jre\21.0.11-win32-x86_64\bin\server\jvm.dll
0x00007ff8ee870000 - 0x00007ff8ee921000 	C:\WINDOWS\System32\ADVAPI32.dll
0x00007ff8f0040000 - 0x00007ff8f00e8000 	C:\WINDOWS\System32\sechost.dll
0x00007ff8ee650000 - 0x00007ff8ee678000 	C:\WINDOWS\System32\bcrypt.dll
0x00007ff8eead0000 - 0x00007ff8eebe4000 	C:\WINDOWS\System32\RPCRT4.dll
0x00007ff8f0a70000 - 0x00007ff8f0ae1000 	C:\WINDOWS\System32\WS2_32.dll
0x00007ff8ecaa0000 - 0x00007ff8ecaed000 	C:\WINDOWS\SYSTEM32\POWRPROF.dll
0x00007ff8ea470000 - 0x00007ff8ea4a4000 	C:\WINDOWS\SYSTEM32\WINMM.dll
0x00007ff8e5780000 - 0x00007ff8e578a000 	C:\WINDOWS\SYSTEM32\VERSION.dll
0x00007ff8eca80000 - 0x00007ff8eca93000 	C:\WINDOWS\SYSTEM32\UMPDC.dll
0x00007ff8ecd40000 - 0x00007ff8ecd58000 	C:\WINDOWS\SYSTEM32\kernel.appcore.dll
0x00007ff8796c0000 - 0x00007ff8796ca000 	c:\Users\Lenovo\.vscode\extensions\redhat.java-1.55.0-win32-x64\jre\21.0.11-win32-x86_64\bin\jimage.dll
0x00007ff8eb6d0000 - 0x00007ff8eb903000 	C:\WINDOWS\SYSTEM32\DBGHELP.DLL
0x00007ff8eee80000 - 0x00007ff8ef213000 	C:\WINDOWS\System32\combase.dll
0x00007ff8ef850000 - 0x00007ff8ef927000 	C:\WINDOWS\System32\OLEAUT32.dll
0x00007ff8c8410000 - 0x00007ff8c8442000 	C:\WINDOWS\SYSTEM32\dbgcore.DLL
0x00007ff8ee490000 - 0x00007ff8ee50b000 	C:\WINDOWS\System32\bcryptPrimitives.dll
0x00007ff8790f0000 - 0x00007ff8790ff000 	c:\Users\Lenovo\.vscode\extensions\redhat.java-1.55.0-win32-x64\jre\21.0.11-win32-x86_64\bin\instrument.dll
0x00007ff82ac90000 - 0x00007ff82acb0000 	c:\Users\Lenovo\.vscode\extensions\redhat.java-1.55.0-win32-x64\jre\21.0.11-win32-x86_64\bin\java.dll
0x00007ff8f01c0000 - 0x00007ff8f0a62000 	C:\WINDOWS\System32\SHELL32.dll
0x00007ff8ee680000 - 0x00007ff8ee7bf000 	C:\WINDOWS\System32\wintypes.dll
0x00007ff8ebb60000 - 0x00007ff8ec47d000 	C:\WINDOWS\SYSTEM32\windows.storage.dll
0x00007ff8ef6f0000 - 0x00007ff8ef7fc000 	C:\WINDOWS\System32\SHCORE.dll
0x00007ff8f00f0000 - 0x00007ff8f0159000 	C:\WINDOWS\System32\shlwapi.dll
0x00007ff8edb50000 - 0x00007ff8edb7b000 	C:\WINDOWS\SYSTEM32\profapi.dll
0x00007ff829aa0000 - 0x00007ff829ab8000 	c:\Users\Lenovo\.vscode\extensions\redhat.java-1.55.0-win32-x64\jre\21.0.11-win32-x86_64\bin\zip.dll
0x00007ff878330000 - 0x00007ff878340000 	C:\Users\Lenovo\.vscode\extensions\redhat.java-1.55.0-win32-x64\jre\21.0.11-win32-x86_64\bin\net.dll
0x00007ff8e75b0000 - 0x00007ff8e76dc000 	C:\WINDOWS\SYSTEM32\WINHTTP.dll
0x00007ff8ed1c0000 - 0x00007ff8ed229000 	C:\WINDOWS\system32\mswsock.dll
0x00007ff829a50000 - 0x00007ff829a66000 	C:\Users\Lenovo\.vscode\extensions\redhat.java-1.55.0-win32-x64\jre\21.0.11-win32-x86_64\bin\nio.dll
0x00007ff8781d0000 - 0x00007ff8781e0000 	c:\Users\Lenovo\.vscode\extensions\redhat.java-1.55.0-win32-x64\jre\21.0.11-win32-x86_64\bin\verify.dll
0x00007ff877510000 - 0x00007ff877555000 	C:\Users\Lenovo\AppData\Roaming\Code\User\globalStorage\redhat.java\1.55.0\config_ss_win\org.eclipse.equinox.launcher\org.eclipse.equinox.launcher.win32.win32.x86_64_1.3.100.v20260613-0559\eclipse_11924.dll
0x00007ff8ef270000 - 0x00007ff8ef410000 	C:\WINDOWS\System32\ole32.dll
0x00007ff8ed410000 - 0x00007ff8ed42b000 	C:\WINDOWS\SYSTEM32\CRYPTSP.dll
0x00007ff8ecca0000 - 0x00007ff8eccd7000 	C:\WINDOWS\system32\rsaenh.dll
0x00007ff8ed2b0000 - 0x00007ff8ed2d8000 	C:\WINDOWS\SYSTEM32\USERENV.dll
0x00007ff8ed430000 - 0x00007ff8ed43c000 	C:\WINDOWS\SYSTEM32\CRYPTBASE.dll
0x00007ff8ec750000 - 0x00007ff8ec77d000 	C:\WINDOWS\SYSTEM32\IPHLPAPI.DLL
0x00007ff8ef800000 - 0x00007ff8ef809000 	C:\WINDOWS\System32\NSI.dll
0x00007ff876fc0000 - 0x00007ff877009000 	C:\Users\Lenovo\AppData\Local\Temp\jna-109204053\jna4121101264576368533.dll
0x00007ff8f0030000 - 0x00007ff8f0038000 	C:\WINDOWS\System32\PSAPI.DLL
0x00007ff8eace0000 - 0x00007ff8eacf9000 	C:\WINDOWS\SYSTEM32\dhcpcsvc6.DLL
0x00007ff8ea5b0000 - 0x00007ff8ea5cf000 	C:\WINDOWS\SYSTEM32\dhcpcsvc.DLL

JVMTI agents:
c:\Users\Lenovo\.vscode\extensions\redhat.java-1.55.0-win32-x64\lombok\lombok-1.18.39-4050.jar path:c:\Users\Lenovo\.vscode\extensions\redhat.java-1.55.0-win32-x64\jre\21.0.11-win32-x86_64\bin\instrument.dll, loaded, initialized, instrumentlib options:none

dbghelp: loaded successfully - version: 4.0.5 - missing functions: none
symbol engine: initialized successfully - sym options: 0x614 - pdb path: .;c:\Users\Lenovo\.vscode\extensions\redhat.java-1.55.0-win32-x64\jre\21.0.11-win32-x86_64\bin;C:\WINDOWS\SYSTEM32;C:\WINDOWS\WinSxS\amd64_microsoft.windows.common-controls_6595b64144ccf1df_6.0.22621.5547_none_27104afb73855772;c:\Users\Lenovo\.vscode\extensions\redhat.java-1.55.0-win32-x64\jre\21.0.11-win32-x86_64\bin\server;C:\Users\Lenovo\AppData\Roaming\Code\User\globalStorage\redhat.java\1.55.0\config_ss_win\org.eclipse.equinox.launcher\org.eclipse.equinox.launcher.win32.win32.x86_64_1.3.100.v20260613-0559;C:\Users\Lenovo\AppData\Local\Temp\jna-109204053

VM Arguments:
jvm_args: --add-modules=ALL-SYSTEM --add-opens=java.base/java.util=ALL-UNNAMED --add-opens=java.base/java.lang=ALL-UNNAMED --add-opens=java.base/sun.nio.fs=ALL-UNNAMED -Declipse.application=org.eclipse.jdt.ls.core.id1 -Dosgi.bundles.defaultStartLevel=4 -Declipse.product=org.eclipse.jdt.ls.core.product -Djava.import.generatesMetadataFilesAtProjectRoot=false -DDetectVMInstallationsJob.disabled=true -Dfile.encoding=utf8 -XX:+UseParallelGC -XX:GCTimeRatio=4 -XX:AdaptiveSizePolicyWeight=90 -Dsun.zip.disableMemoryMapping=true -Xmx2G -Xms100m -Xlog:disable -javaagent:c:\Users\Lenovo\.vscode\extensions\redhat.java-1.55.0-win32-x64\lombok\lombok-1.18.39-4050.jar 
java_command: c:\Users\Lenovo\.vscode\extensions\redhat.java-1.55.0-win32-x64\server\plugins\org.eclipse.equinox.launcher_1.7.200.v20260619-2039.jar -configuration c:\Users\Lenovo\AppData\Roaming\Code\User\globalStorage\redhat.java\1.55.0\config_ss_win -data c:\Users\Lenovo\AppData\Roaming\Code\User\workspaceStorage\f397b69f58f0cfa815f47da93cefd996\redhat.java\ss_ws --pipe=\\.\pipe\lsp-c02b99e1f0da190cc3083dc9801077b0-sock
java_class_path (initial): c:\Users\Lenovo\.vscode\extensions\redhat.java-1.55.0-win32-x64\server\plugins\org.eclipse.equinox.launcher_1.7.200.v20260619-2039.jar
Launcher Type: SUN_STANDARD

[Global flags]
    uintx AdaptiveSizePolicyWeight                 = 90                                        {product} {command line}
     intx CICompilerCount                          = 4                                         {product} {ergonomic}
    uintx GCTimeRatio                              = 4                                         {product} {command line}
   size_t InitialHeapSize                          = 104857600                                 {product} {command line}
   size_t MaxHeapSize                              = 2147483648                                {product} {command line}
   size_t MaxNewSize                               = 715653120                                 {product} {ergonomic}
   size_t MinHeapDeltaBytes                        = 524288                                    {product} {ergonomic}
   size_t MinHeapSize                              = 104857600                                 {product} {command line}
   size_t NewSize                                  = 34603008                                  {product} {ergonomic}
    uintx NonNMethodCodeHeapSize                   = 5839372                                {pd product} {ergonomic}
    uintx NonProfiledCodeHeapSize                  = 122909434                              {pd product} {ergonomic}
   size_t OldSize                                  = 70254592                                  {product} {ergonomic}
    uintx ProfiledCodeHeapSize                     = 122909434                              {pd product} {ergonomic}
    uintx ReservedCodeCacheSize                    = 251658240                              {pd product} {ergonomic}
     bool SegmentedCodeCache                       = true                                      {product} {ergonomic}
   size_t SoftMaxHeapSize                          = 2147483648                             {manageable} {ergonomic}
     bool UseCompressedOops                        = true                           {product lp64_product} {ergonomic}
     bool UseLargePagesIndividualAllocation        = false                                  {pd product} {ergonomic}
     bool UseParallelGC                            = true                                      {product} {command line}

Logging:
Log output configuration:
 #0: stdout all=off uptime,level,tags foldmultilines=false
 #1: stderr all=off uptime,level,tags foldmultilines=false

Release file:
JAVA_VERSION="21.0.11" 
MODULES="java.base java.compiler java.datatransfer java.xml java.prefs java.desktop java.instrument java.logging java.management java.security.sasl java.naming java.rmi java.management.rmi java.net.http java.scripting java.security.jgss java.transaction.xa java.sql java.sql.rowset java.xml.crypto java.se java.smartcardio jdk.accessibility jdk.internal.jvmstat jdk.attach jdk.charsets jdk.internal.opt jdk.zipfs jdk.compiler jdk.crypto.ec jdk.crypto.cryptoki jdk.crypto.mscapi jdk.dynalink jdk.internal.ed jdk.editpad jdk.hotspot.agent jdk.httpserver jdk.internal.le jdk.internal.vm.ci jdk.internal.vm.compiler jdk.internal.vm.compiler.management jdk.jartool jdk.javadoc jdk.jcmd jdk.management jdk.management.agent jdk.jconsole jdk.jdeps jdk.jdwp.agent jdk.jdi jdk.jfr jdk.jshell jdk.jsobject jdk.jstatd jdk.localedata jdk.management.jfr jdk.naming.dns jdk.naming.rmi jdk.net jdk.nio.mapmode jdk.random jdk.sctp jdk.security.auth jdk.security.jgss jdk.unsupported jdk.unsupported.desktop jdk.xml.dom" 

Environment Variables:
PATH=C:\Program Files\Common Files\Oracle\Java\javapath;C:\Python314\Scripts\;C:\Python314\;C:\Program Files\Microsoft\jdk-11.0.16.101-hotspot\bin;C:\Program Files\Microsoft MPI\Bin\;C:\Program Files (x86)\Intel\Intel(R) Management Engine Components\iCLS\;C:\Program Files\Intel\Intel(R) Management Engine Components\iCLS\;C:\WINDOWS\system32;C:\WINDOWS;C:\WINDOWS\System32\Wbem;C:\WINDOWS\System32\WindowsPowerShell\v1.0\;C:\WINDOWS\System32\OpenSSH\;C:\Program Files (x86)\Intel\Intel(R) Management Engine Components\DAL;C:\Program Files\Intel\Intel(R) Management Engine Components\DAL;C:\Program Files (x86)\Microsoft SQL Server\140\Tools\Binn\;C:\Program Files\Microsoft SQL Server\140\Tools\Binn\;C:\Program Files (x86)\Microsoft SQL Server\140\DTS\Binn\;C:\Program Files\Microsoft SQL Server\140\DTS\Binn\;C:\Program Files\Microsoft SQL Server\Client SDK\ODBC\130\Tools\Binn\;C:\Program Files\Microsoft SQL Server\130\Tools\Binn\;C:\Program Files (x86)\Microsoft SQL Server\150\DTS\Binn\;C:\Program Files\Git LFS;C:\Program Files\Microsoft SQL Server\Client SDK\ODBC\170\Tools\Binn\;C:\Program Files\Git\cmd;C:\Program Files\dotnet\;C:\WINDOWS\system32;C:\WINDOWS;C:\WINDOWS\System32\Wbem;C:\WINDOWS\System32\WindowsPowerShell\v1.0\;C:\WINDOWS\System32\OpenSSH\;C:\Program Files\Microsoft SQL Server\150\Tools\Binn\;C:\ProgramData\chocolatey\bin;C:\ProgramData\ComposerSetup\bin;C:\Program Files\nodejs\;C:\program files\postgresql\18\bin;C:\Users\Lenovo\AppData\Local\Microsoft\WindowsApps;C:\Users\Lenovo\AppData\Local\GitHubDesktop\bin;C:\Users\Lenovo\AppData\Local\Microsoft\WindowsApps;C:\Users\Lenovo\.dotnet\tools;C:\Users\Lenovo\AppData\Local\Programs\Microsoft VS Code\bin;C:\mingw64\bin;C:\xampp\php;C:\program files\nodejs\;C:\Users\Lenovo\AppData\Roaming\Composer\vendor\bin;C:\Users\Lenovo\AppData\Roaming\npm
USERNAME=santi
OS=Windows_NT
PROCESSOR_IDENTIFIER=Intel64 Family 6 Model 142 Stepping 10, GenuineIntel
TMP=C:\Users\Lenovo\AppData\Local\Temp
TEMP=C:\Users\Lenovo\AppData\Local\Temp




Periodic native trim disabled

---------------  S Y S T E M  ---------------

OS:
 Windows 11 , 64 bit Build 22621 (10.0.22621.5415)
OS uptime: 1 days 2:34 hours

CPU: total 8 (initial active 8) (4 cores per cpu, 2 threads per core) family 6 model 142 stepping 10 microcode 0xe0, cx8, cmov, fxsr, ht, mmx, 3dnowpref, sse, sse2, sse3, ssse3, sse4.1, sse4.2, popcnt, lzcnt, tsc, tscinvbit, avx, avx2, aes, erms, clmul, bmi1, bmi2, adx, fma, vzeroupper, clflush, clflushopt, rdtscp, f16c
Processor Information for the first 8 processors :
  Max Mhz: 1801, Current Mhz: 1801, Mhz Limit: 1801

Memory: 4k page, system-wide physical 8023M (484M free)
TotalPageFile size 21256M (AvailPageFile size 4M)
current process WorkingSet (physical memory assigned to process): 182M, peak: 182M
current process commit charge ("private bytes"): 293M, peak: 298M

vm_info: OpenJDK 64-Bit Server VM (21.0.11+10-LTS) for windows-amd64 JRE (21.0.11+10-LTS), built on 2026-04-21T00:00:00Z by "admin" with MS VC++ 17.12 (VS2022)

END.
